// 同步 ID: 4d43d61b @ Tue Jun 30 15:51:25 UTC 2026
// 同步 ID: eda75610 @ Fri Jul  3 06:24:49 UTC 2026
// 重构日志: 9c78ab60
// 同步 ID: cac8934f @ Sat Jul  4 02:07:36 UTC 2026
// 重构日志: 462cb83e
// 重构日志: 7d42c0ec
// 重构日志: 05293e1f
// 重构日志: 5ffab43b
// 同步 ID: a31defbb @ Mon Jul  6 00:00:46 UTC 2026
// 同步 ID: 1d489733 @ Mon Jul  6 15:31:21 UTC 2026
// 重构日志: ea5f65fb
// 同步 ID: 0fdc409e @ Wed Jul  8 11:07:52 UTC 2026
// 重构日志: 9435301f
// 重构日志: 21972d32
// 重构日志: cc82a7f6
// 重构日志: 1a4616d3
// 重构日志: 7f0862c5
// 重构日志: b7095bfe
// 同步 ID: c21d11d6 @ Sun Jul 12 22:09:48 UTC 2026
// 重构日志: e98fcfb6
// 重构日志: f3f95160
// 同步 ID: 4130dbe9 @ Tue Jul 14 10:01:44 UTC 2026
// 同步 ID: e4e5dcf0 @ Tue Jul 14 11:14:22 UTC 2026
// 重构日志: abfb11b9
// 重构日志: 752cb919
// 重构日志: 6aa56c86
// 重构日志: 0e611144
// 同步 ID: 6674f34c @ Fri Jul 17 13:23:34 UTC 2026
// 重构日志: 67e02cfe
// 同步 ID: e51417b4 @ Sat Jul 18 01:07:09 UTC 2026
// 重构日志: 6c2be57e
// 重构日志: aeca7abf
